[EXP-003] condition 0 is the explicit preservation instruction; it is not unconditional.
[EXP-002] loading /root/autodl-tmp/models/FLUX.1-Kontext-dev (local artifact provenance declared from EXP-001)
Loading pipeline components...:   0%|          | 0/7 [00:00<?, ?it/s]
Loading checkpoint shards:   0%|          | 0/2 [00:00<?, ?it/s][ALoading checkpoint shards: 100%|██████████| 2/2 [00:00<00:00, 131.16it/s]
You set `add_prefix_space`. The tokenizer needs to be converted from the slow tokenizers
Loading pipeline components...:  43%|████▎     | 3/7 [00:00<00:00, 11.62it/s]
Loading checkpoint shards:   0%|          | 0/3 [00:00<?, ?it/s][ALoading checkpoint shards: 100%|██████████| 3/3 [00:00<00:00, 57.85it/s]
Loading pipeline components...: 100%|██████████| 7/7 [00:00<00:00, 13.72it/s]Loading pipeline components...: 100%|██████████| 7/7 [00:00<00:00, 13.40it/s]
[EXP-003] v03_atomic seed 42: preparing and measuring
[EXP-003] seed 42: reusing complete checkpoint
[EXP-003] v03_atomic seed 43: preparing and measuring
[FLUX] Original size: 1024x1024, Working size: 1024x1024
[Seed] Using random seed: 43
[Sigma Schedule][FLUX] requested_steps=30
[Sigma Schedule][FLUX] 4-step reference sigmas: [1.000000, 0.904531, 0.759511, 0.512844, 0.000000]
[Sigma Schedule][FLUX] 4-step reference deltas: [0.095469, 0.145020, 0.246667, 0.512844]
[Sigma Schedule][FLUX] requested raw sigmas: [1.000000, 0.989199, 0.977883, 0.966014, 0.953549, 0.940444, 0.926647, 0.912103, 0.896748, 0.880513, 0.863320, 0.845083, 0.825702, 0.805066, 0.783050, 0.759511, 0.734284, 0.707182, 0.677987, 0.646447, 0.612267, 0.575103, 0.534545, 0.490105, 0.441200, 0.387119, 0.326996, 0.259758, 0.184063, 0.098208, 0.000000]
[Sigma Schedule][FLUX] requested raw deltas: [0.010801, 0.011316, 0.011870, 0.012464, 0.013105, 0.013797, 0.014545, 0.015355, 0.016235, 0.017193, 0.018238, 0.019381, 0.020636, 0.022016, 0.023539, 0.025227, 0.027102, 0.029195, 0.031540, 0.034179, 0.037164, 0.040558, 0.044439, 0.048906, 0.054081, 0.060123, 0.067238, 0.075695, 0.085855, 0.098208]
[Sigma Schedule][FLUX] effective_steps=24
[Sigma Schedule][FLUX] effective sigmas: [1.000000, 0.904531, 0.896748, 0.880513, 0.863320, 0.845083, 0.825702, 0.805066, 0.783050, 0.759511, 0.734284, 0.707182, 0.677987, 0.646447, 0.612267, 0.575103, 0.534545, 0.490105, 0.441200, 0.387119, 0.326996, 0.259758, 0.184063, 0.098208, 0.000000]
[Sigma Schedule][FLUX] effective deltas: [0.095469, 0.007783, 0.016235, 0.017193, 0.018238, 0.019381, 0.020636, 0.022016, 0.023539, 0.025227, 0.027102, 0.029195, 0.031540, 0.034179, 0.037164, 0.040558, 0.044439, 0.048906, 0.054081, 0.060123, 0.067238, 0.075695, 0.085855, 0.098208]
[FLUX] Original size: 1024x1024, Working size: 1024x1024
[Seed] Using random seed: 43
[Sigma Schedule][FLUX] requested_steps=30
[Sigma Schedule][FLUX] 4-step reference sigmas: [1.000000, 0.904531, 0.759511, 0.512844, 0.000000]
[Sigma Schedule][FLUX] 4-step reference deltas: [0.095469, 0.145020, 0.246667, 0.512844]
[Sigma Schedule][FLUX] requested raw sigmas: [1.000000, 0.989199, 0.977883, 0.966014, 0.953549, 0.940444, 0.926647, 0.912103, 0.896748, 0.880513, 0.863320, 0.845083, 0.825702, 0.805066, 0.783050, 0.759511, 0.734284, 0.707182, 0.677987, 0.646447, 0.612267, 0.575103, 0.534545, 0.490105, 0.441200, 0.387119, 0.326996, 0.259758, 0.184063, 0.098208, 0.000000]
[Sigma Schedule][FLUX] requested raw deltas: [0.010801, 0.011316, 0.011870, 0.012464, 0.013105, 0.013797, 0.014545, 0.015355, 0.016235, 0.017193, 0.018238, 0.019381, 0.020636, 0.022016, 0.023539, 0.025227, 0.027102, 0.029195, 0.031540, 0.034179, 0.037164, 0.040558, 0.044439, 0.048906, 0.054081, 0.060123, 0.067238, 0.075695, 0.085855, 0.098208]
[Sigma Schedule][FLUX] effective_steps=24
[Sigma Schedule][FLUX] effective sigmas: [1.000000, 0.904531, 0.896748, 0.880513, 0.863320, 0.845083, 0.825702, 0.805066, 0.783050, 0.759511, 0.734284, 0.707182, 0.677987, 0.646447, 0.612267, 0.575103, 0.534545, 0.490105, 0.441200, 0.387119, 0.326996, 0.259758, 0.184063, 0.098208, 0.000000]
[Sigma Schedule][FLUX] effective deltas: [0.095469, 0.007783, 0.016235, 0.017193, 0.018238, 0.019381, 0.020636, 0.022016, 0.023539, 0.025227, 0.027102, 0.029195, 0.031540, 0.034179, 0.037164, 0.040558, 0.044439, 0.048906, 0.054081, 0.060123, 0.067238, 0.075695, 0.085855, 0.098208]
[FLUX] Original size: 1024x1024, Working size: 1024x1024
[Seed] Using random seed: 43
[Sigma Schedule][FLUX] requested_steps=30
[Sigma Schedule][FLUX] 4-step reference sigmas: [1.000000, 0.904531, 0.759511, 0.512844, 0.000000]
[Sigma Schedule][FLUX] 4-step reference deltas: [0.095469, 0.145020, 0.246667, 0.512844]
[Sigma Schedule][FLUX] requested raw sigmas: [1.000000, 0.989199, 0.977883, 0.966014, 0.953549, 0.940444, 0.926647, 0.912103, 0.896748, 0.880513, 0.863320, 0.845083, 0.825702, 0.805066, 0.783050, 0.759511, 0.734284, 0.707182, 0.677987, 0.646447, 0.612267, 0.575103, 0.534545, 0.490105, 0.441200, 0.387119, 0.326996, 0.259758, 0.184063, 0.098208, 0.000000]
[Sigma Schedule][FLUX] requested raw deltas: [0.010801, 0.011316, 0.011870, 0.012464, 0.013105, 0.013797, 0.014545, 0.015355, 0.016235, 0.017193, 0.018238, 0.019381, 0.020636, 0.022016, 0.023539, 0.025227, 0.027102, 0.029195, 0.031540, 0.034179, 0.037164, 0.040558, 0.044439, 0.048906, 0.054081, 0.060123, 0.067238, 0.075695, 0.085855, 0.098208]
[Sigma Schedule][FLUX] effective_steps=24
[Sigma Schedule][FLUX] effective sigmas: [1.000000, 0.904531, 0.896748, 0.880513, 0.863320, 0.845083, 0.825702, 0.805066, 0.783050, 0.759511, 0.734284, 0.707182, 0.677987, 0.646447, 0.612267, 0.575103, 0.534545, 0.490105, 0.441200, 0.387119, 0.326996, 0.259758, 0.184063, 0.098208, 0.000000]
[Sigma Schedule][FLUX] effective deltas: [0.095469, 0.007783, 0.016235, 0.017193, 0.018238, 0.019381, 0.020636, 0.022016, 0.023539, 0.025227, 0.027102, 0.029195, 0.031540, 0.034179, 0.037164, 0.040558, 0.044439, 0.048906, 0.054081, 0.060123, 0.067238, 0.075695, 0.085855, 0.098208]
[FLUX] Original size: 1024x1024, Working size: 1024x1024
[Seed] Using random seed: 43
[Sigma Schedule][FLUX] requested_steps=30
[Sigma Schedule][FLUX] 4-step reference sigmas: [1.000000, 0.904531, 0.759511, 0.512844, 0.000000]
[Sigma Schedule][FLUX] 4-step reference deltas: [0.095469, 0.145020, 0.246667, 0.512844]
[Sigma Schedule][FLUX] requested raw sigmas: [1.000000, 0.989199, 0.977883, 0.966014, 0.953549, 0.940444, 0.926647, 0.912103, 0.896748, 0.880513, 0.863320, 0.845083, 0.825702, 0.805066, 0.783050, 0.759511, 0.734284, 0.707182, 0.677987, 0.646447, 0.612267, 0.575103, 0.534545, 0.490105, 0.441200, 0.387119, 0.326996, 0.259758, 0.184063, 0.098208, 0.000000]
[Sigma Schedule][FLUX] requested raw deltas: [0.010801, 0.011316, 0.011870, 0.012464, 0.013105, 0.013797, 0.014545, 0.015355, 0.016235, 0.017193, 0.018238, 0.019381, 0.020636, 0.022016, 0.023539, 0.025227, 0.027102, 0.029195, 0.031540, 0.034179, 0.037164, 0.040558, 0.044439, 0.048906, 0.054081, 0.060123, 0.067238, 0.075695, 0.085855, 0.098208]
[Sigma Schedule][FLUX] effective_steps=24
[Sigma Schedule][FLUX] effective sigmas: [1.000000, 0.904531, 0.896748, 0.880513, 0.863320, 0.845083, 0.825702, 0.805066, 0.783050, 0.759511, 0.734284, 0.707182, 0.677987, 0.646447, 0.612267, 0.575103, 0.534545, 0.490105, 0.441200, 0.387119, 0.326996, 0.259758, 0.184063, 0.098208, 0.000000]
[Sigma Schedule][FLUX] effective deltas: [0.095469, 0.007783, 0.016235, 0.017193, 0.018238, 0.019381, 0.020636, 0.022016, 0.023539, 0.025227, 0.027102, 0.029195, 0.031540, 0.034179, 0.037164, 0.040558, 0.044439, 0.048906, 0.054081, 0.060123, 0.067238, 0.075695, 0.085855, 0.098208]
[EXP-003] v03_atomic seed 44: preparing and measuring
[FLUX] Original size: 1024x1024, Working size: 1024x1024
[Seed] Using random seed: 44
[Sigma Schedule][FLUX] requested_steps=30
[Sigma Schedule][FLUX] 4-step reference sigmas: [1.000000, 0.904531, 0.759511, 0.512844, 0.000000]
[Sigma Schedule][FLUX] 4-step reference deltas: [0.095469, 0.145020, 0.246667, 0.512844]
[Sigma Schedule][FLUX] requested raw sigmas: [1.000000, 0.989199, 0.977883, 0.966014, 0.953549, 0.940444, 0.926647, 0.912103, 0.896748, 0.880513, 0.863320, 0.845083, 0.825702, 0.805066, 0.783050, 0.759511, 0.734284, 0.707182, 0.677987, 0.646447, 0.612267, 0.575103, 0.534545, 0.490105, 0.441200, 0.387119, 0.326996, 0.259758, 0.184063, 0.098208, 0.000000]
[Sigma Schedule][FLUX] requested raw deltas: [0.010801, 0.011316, 0.011870, 0.012464, 0.013105, 0.013797, 0.014545, 0.015355, 0.016235, 0.017193, 0.018238, 0.019381, 0.020636, 0.022016, 0.023539, 0.025227, 0.027102, 0.029195, 0.031540, 0.034179, 0.037164, 0.040558, 0.044439, 0.048906, 0.054081, 0.060123, 0.067238, 0.075695, 0.085855, 0.098208]
[Sigma Schedule][FLUX] effective_steps=24
[Sigma Schedule][FLUX] effective sigmas: [1.000000, 0.904531, 0.896748, 0.880513, 0.863320, 0.845083, 0.825702, 0.805066, 0.783050, 0.759511, 0.734284, 0.707182, 0.677987, 0.646447, 0.612267, 0.575103, 0.534545, 0.490105, 0.441200, 0.387119, 0.326996, 0.259758, 0.184063, 0.098208, 0.000000]
[Sigma Schedule][FLUX] effective deltas: [0.095469, 0.007783, 0.016235, 0.017193, 0.018238, 0.019381, 0.020636, 0.022016, 0.023539, 0.025227, 0.027102, 0.029195, 0.031540, 0.034179, 0.037164, 0.040558, 0.044439, 0.048906, 0.054081, 0.060123, 0.067238, 0.075695, 0.085855, 0.098208]
[FLUX] Original size: 1024x1024, Working size: 1024x1024
[Seed] Using random seed: 44
[Sigma Schedule][FLUX] requested_steps=30
[Sigma Schedule][FLUX] 4-step reference sigmas: [1.000000, 0.904531, 0.759511, 0.512844, 0.000000]
[Sigma Schedule][FLUX] 4-step reference deltas: [0.095469, 0.145020, 0.246667, 0.512844]
[Sigma Schedule][FLUX] requested raw sigmas: [1.000000, 0.989199, 0.977883, 0.966014, 0.953549, 0.940444, 0.926647, 0.912103, 0.896748, 0.880513, 0.863320, 0.845083, 0.825702, 0.805066, 0.783050, 0.759511, 0.734284, 0.707182, 0.677987, 0.646447, 0.612267, 0.575103, 0.534545, 0.490105, 0.441200, 0.387119, 0.326996, 0.259758, 0.184063, 0.098208, 0.000000]
[Sigma Schedule][FLUX] requested raw deltas: [0.010801, 0.011316, 0.011870, 0.012464, 0.013105, 0.013797, 0.014545, 0.015355, 0.016235, 0.017193, 0.018238, 0.019381, 0.020636, 0.022016, 0.023539, 0.025227, 0.027102, 0.029195, 0.031540, 0.034179, 0.037164, 0.040558, 0.044439, 0.048906, 0.054081, 0.060123, 0.067238, 0.075695, 0.085855, 0.098208]
[Sigma Schedule][FLUX] effective_steps=24
[Sigma Schedule][FLUX] effective sigmas: [1.000000, 0.904531, 0.896748, 0.880513, 0.863320, 0.845083, 0.825702, 0.805066, 0.783050, 0.759511, 0.734284, 0.707182, 0.677987, 0.646447, 0.612267, 0.575103, 0.534545, 0.490105, 0.441200, 0.387119, 0.326996, 0.259758, 0.184063, 0.098208, 0.000000]
[Sigma Schedule][FLUX] effective deltas: [0.095469, 0.007783, 0.016235, 0.017193, 0.018238, 0.019381, 0.020636, 0.022016, 0.023539, 0.025227, 0.027102, 0.029195, 0.031540, 0.034179, 0.037164, 0.040558, 0.044439, 0.048906, 0.054081, 0.060123, 0.067238, 0.075695, 0.085855, 0.098208]
[FLUX] Original size: 1024x1024, Working size: 1024x1024
[Seed] Using random seed: 44
[Sigma Schedule][FLUX] requested_steps=30
[Sigma Schedule][FLUX] 4-step reference sigmas: [1.000000, 0.904531, 0.759511, 0.512844, 0.000000]
[Sigma Schedule][FLUX] 4-step reference deltas: [0.095469, 0.145020, 0.246667, 0.512844]
[Sigma Schedule][FLUX] requested raw sigmas: [1.000000, 0.989199, 0.977883, 0.966014, 0.953549, 0.940444, 0.926647, 0.912103, 0.896748, 0.880513, 0.863320, 0.845083, 0.825702, 0.805066, 0.783050, 0.759511, 0.734284, 0.707182, 0.677987, 0.646447, 0.612267, 0.575103, 0.534545, 0.490105, 0.441200, 0.387119, 0.326996, 0.259758, 0.184063, 0.098208, 0.000000]
[Sigma Schedule][FLUX] requested raw deltas: [0.010801, 0.011316, 0.011870, 0.012464, 0.013105, 0.013797, 0.014545, 0.015355, 0.016235, 0.017193, 0.018238, 0.019381, 0.020636, 0.022016, 0.023539, 0.025227, 0.027102, 0.029195, 0.031540, 0.034179, 0.037164, 0.040558, 0.044439, 0.048906, 0.054081, 0.060123, 0.067238, 0.075695, 0.085855, 0.098208]
[Sigma Schedule][FLUX] effective_steps=24
[Sigma Schedule][FLUX] effective sigmas: [1.000000, 0.904531, 0.896748, 0.880513, 0.863320, 0.845083, 0.825702, 0.805066, 0.783050, 0.759511, 0.734284, 0.707182, 0.677987, 0.646447, 0.612267, 0.575103, 0.534545, 0.490105, 0.441200, 0.387119, 0.326996, 0.259758, 0.184063, 0.098208, 0.000000]
[Sigma Schedule][FLUX] effective deltas: [0.095469, 0.007783, 0.016235, 0.017193, 0.018238, 0.019381, 0.020636, 0.022016, 0.023539, 0.025227, 0.027102, 0.029195, 0.031540, 0.034179, 0.037164, 0.040558, 0.044439, 0.048906, 0.054081, 0.060123, 0.067238, 0.075695, 0.085855, 0.098208]
[FLUX] Original size: 1024x1024, Working size: 1024x1024
[Seed] Using random seed: 44
[Sigma Schedule][FLUX] requested_steps=30
[Sigma Schedule][FLUX] 4-step reference sigmas: [1.000000, 0.904531, 0.759511, 0.512844, 0.000000]
[Sigma Schedule][FLUX] 4-step reference deltas: [0.095469, 0.145020, 0.246667, 0.512844]
[Sigma Schedule][FLUX] requested raw sigmas: [1.000000, 0.989199, 0.977883, 0.966014, 0.953549, 0.940444, 0.926647, 0.912103, 0.896748, 0.880513, 0.863320, 0.845083, 0.825702, 0.805066, 0.783050, 0.759511, 0.734284, 0.707182, 0.677987, 0.646447, 0.612267, 0.575103, 0.534545, 0.490105, 0.441200, 0.387119, 0.326996, 0.259758, 0.184063, 0.098208, 0.000000]
[Sigma Schedule][FLUX] requested raw deltas: [0.010801, 0.011316, 0.011870, 0.012464, 0.013105, 0.013797, 0.014545, 0.015355, 0.016235, 0.017193, 0.018238, 0.019381, 0.020636, 0.022016, 0.023539, 0.025227, 0.027102, 0.029195, 0.031540, 0.034179, 0.037164, 0.040558, 0.044439, 0.048906, 0.054081, 0.060123, 0.067238, 0.075695, 0.085855, 0.098208]
[Sigma Schedule][FLUX] effective_steps=24
[Sigma Schedule][FLUX] effective sigmas: [1.000000, 0.904531, 0.896748, 0.880513, 0.863320, 0.845083, 0.825702, 0.805066, 0.783050, 0.759511, 0.734284, 0.707182, 0.677987, 0.646447, 0.612267, 0.575103, 0.534545, 0.490105, 0.441200, 0.387119, 0.326996, 0.259758, 0.184063, 0.098208, 0.000000]
[Sigma Schedule][FLUX] effective deltas: [0.095469, 0.007783, 0.016235, 0.017193, 0.018238, 0.019381, 0.020636, 0.022016, 0.023539, 0.025227, 0.027102, 0.029195, 0.031540, 0.034179, 0.037164, 0.040558, 0.044439, 0.048906, 0.054081, 0.060123, 0.067238, 0.075695, 0.085855, 0.098208]
[EXP-003] v03_atomic seed 45: preparing and measuring
[FLUX] Original size: 1024x1024, Working size: 1024x1024
[Seed] Using random seed: 45
[Sigma Schedule][FLUX] requested_steps=30
[Sigma Schedule][FLUX] 4-step reference sigmas: [1.000000, 0.904531, 0.759511, 0.512844, 0.000000]
[Sigma Schedule][FLUX] 4-step reference deltas: [0.095469, 0.145020, 0.246667, 0.512844]
[Sigma Schedule][FLUX] requested raw sigmas: [1.000000, 0.989199, 0.977883, 0.966014, 0.953549, 0.940444, 0.926647, 0.912103, 0.896748, 0.880513, 0.863320, 0.845083, 0.825702, 0.805066, 0.783050, 0.759511, 0.734284, 0.707182, 0.677987, 0.646447, 0.612267, 0.575103, 0.534545, 0.490105, 0.441200, 0.387119, 0.326996, 0.259758, 0.184063, 0.098208, 0.000000]
[Sigma Schedule][FLUX] requested raw deltas: [0.010801, 0.011316, 0.011870, 0.012464, 0.013105, 0.013797, 0.014545, 0.015355, 0.016235, 0.017193, 0.018238, 0.019381, 0.020636, 0.022016, 0.023539, 0.025227, 0.027102, 0.029195, 0.031540, 0.034179, 0.037164, 0.040558, 0.044439, 0.048906, 0.054081, 0.060123, 0.067238, 0.075695, 0.085855, 0.098208]
[Sigma Schedule][FLUX] effective_steps=24
[Sigma Schedule][FLUX] effective sigmas: [1.000000, 0.904531, 0.896748, 0.880513, 0.863320, 0.845083, 0.825702, 0.805066, 0.783050, 0.759511, 0.734284, 0.707182, 0.677987, 0.646447, 0.612267, 0.575103, 0.534545, 0.490105, 0.441200, 0.387119, 0.326996, 0.259758, 0.184063, 0.098208, 0.000000]
[Sigma Schedule][FLUX] effective deltas: [0.095469, 0.007783, 0.016235, 0.017193, 0.018238, 0.019381, 0.020636, 0.022016, 0.023539, 0.025227, 0.027102, 0.029195, 0.031540, 0.034179, 0.037164, 0.040558, 0.044439, 0.048906, 0.054081, 0.060123, 0.067238, 0.075695, 0.085855, 0.098208]
[FLUX] Original size: 1024x1024, Working size: 1024x1024
[Seed] Using random seed: 45
[Sigma Schedule][FLUX] requested_steps=30
[Sigma Schedule][FLUX] 4-step reference sigmas: [1.000000, 0.904531, 0.759511, 0.512844, 0.000000]
[Sigma Schedule][FLUX] 4-step reference deltas: [0.095469, 0.145020, 0.246667, 0.512844]
[Sigma Schedule][FLUX] requested raw sigmas: [1.000000, 0.989199, 0.977883, 0.966014, 0.953549, 0.940444, 0.926647, 0.912103, 0.896748, 0.880513, 0.863320, 0.845083, 0.825702, 0.805066, 0.783050, 0.759511, 0.734284, 0.707182, 0.677987, 0.646447, 0.612267, 0.575103, 0.534545, 0.490105, 0.441200, 0.387119, 0.326996, 0.259758, 0.184063, 0.098208, 0.000000]
[Sigma Schedule][FLUX] requested raw deltas: [0.010801, 0.011316, 0.011870, 0.012464, 0.013105, 0.013797, 0.014545, 0.015355, 0.016235, 0.017193, 0.018238, 0.019381, 0.020636, 0.022016, 0.023539, 0.025227, 0.027102, 0.029195, 0.031540, 0.034179, 0.037164, 0.040558, 0.044439, 0.048906, 0.054081, 0.060123, 0.067238, 0.075695, 0.085855, 0.098208]
[Sigma Schedule][FLUX] effective_steps=24
[Sigma Schedule][FLUX] effective sigmas: [1.000000, 0.904531, 0.896748, 0.880513, 0.863320, 0.845083, 0.825702, 0.805066, 0.783050, 0.759511, 0.734284, 0.707182, 0.677987, 0.646447, 0.612267, 0.575103, 0.534545, 0.490105, 0.441200, 0.387119, 0.326996, 0.259758, 0.184063, 0.098208, 0.000000]
[Sigma Schedule][FLUX] effective deltas: [0.095469, 0.007783, 0.016235, 0.017193, 0.018238, 0.019381, 0.020636, 0.022016, 0.023539, 0.025227, 0.027102, 0.029195, 0.031540, 0.034179, 0.037164, 0.040558, 0.044439, 0.048906, 0.054081, 0.060123, 0.067238, 0.075695, 0.085855, 0.098208]
[FLUX] Original size: 1024x1024, Working size: 1024x1024
[Seed] Using random seed: 45
[Sigma Schedule][FLUX] requested_steps=30
[Sigma Schedule][FLUX] 4-step reference sigmas: [1.000000, 0.904531, 0.759511, 0.512844, 0.000000]
[Sigma Schedule][FLUX] 4-step reference deltas: [0.095469, 0.145020, 0.246667, 0.512844]
[Sigma Schedule][FLUX] requested raw sigmas: [1.000000, 0.989199, 0.977883, 0.966014, 0.953549, 0.940444, 0.926647, 0.912103, 0.896748, 0.880513, 0.863320, 0.845083, 0.825702, 0.805066, 0.783050, 0.759511, 0.734284, 0.707182, 0.677987, 0.646447, 0.612267, 0.575103, 0.534545, 0.490105, 0.441200, 0.387119, 0.326996, 0.259758, 0.184063, 0.098208, 0.000000]
[Sigma Schedule][FLUX] requested raw deltas: [0.010801, 0.011316, 0.011870, 0.012464, 0.013105, 0.013797, 0.014545, 0.015355, 0.016235, 0.017193, 0.018238, 0.019381, 0.020636, 0.022016, 0.023539, 0.025227, 0.027102, 0.029195, 0.031540, 0.034179, 0.037164, 0.040558, 0.044439, 0.048906, 0.054081, 0.060123, 0.067238, 0.075695, 0.085855, 0.098208]
[Sigma Schedule][FLUX] effective_steps=24
[Sigma Schedule][FLUX] effective sigmas: [1.000000, 0.904531, 0.896748, 0.880513, 0.863320, 0.845083, 0.825702, 0.805066, 0.783050, 0.759511, 0.734284, 0.707182, 0.677987, 0.646447, 0.612267, 0.575103, 0.534545, 0.490105, 0.441200, 0.387119, 0.326996, 0.259758, 0.184063, 0.098208, 0.000000]
[Sigma Schedule][FLUX] effective deltas: [0.095469, 0.007783, 0.016235, 0.017193, 0.018238, 0.019381, 0.020636, 0.022016, 0.023539, 0.025227, 0.027102, 0.029195, 0.031540, 0.034179, 0.037164, 0.040558, 0.044439, 0.048906, 0.054081, 0.060123, 0.067238, 0.075695, 0.085855, 0.098208]
[FLUX] Original size: 1024x1024, Working size: 1024x1024
[Seed] Using random seed: 45
[Sigma Schedule][FLUX] requested_steps=30
[Sigma Schedule][FLUX] 4-step reference sigmas: [1.000000, 0.904531, 0.759511, 0.512844, 0.000000]
[Sigma Schedule][FLUX] 4-step reference deltas: [0.095469, 0.145020, 0.246667, 0.512844]
[Sigma Schedule][FLUX] requested raw sigmas: [1.000000, 0.989199, 0.977883, 0.966014, 0.953549, 0.940444, 0.926647, 0.912103, 0.896748, 0.880513, 0.863320, 0.845083, 0.825702, 0.805066, 0.783050, 0.759511, 0.734284, 0.707182, 0.677987, 0.646447, 0.612267, 0.575103, 0.534545, 0.490105, 0.441200, 0.387119, 0.326996, 0.259758, 0.184063, 0.098208, 0.000000]
[Sigma Schedule][FLUX] requested raw deltas: [0.010801, 0.011316, 0.011870, 0.012464, 0.013105, 0.013797, 0.014545, 0.015355, 0.016235, 0.017193, 0.018238, 0.019381, 0.020636, 0.022016, 0.023539, 0.025227, 0.027102, 0.029195, 0.031540, 0.034179, 0.037164, 0.040558, 0.044439, 0.048906, 0.054081, 0.060123, 0.067238, 0.075695, 0.085855, 0.098208]
[Sigma Schedule][FLUX] effective_steps=24
[Sigma Schedule][FLUX] effective sigmas: [1.000000, 0.904531, 0.896748, 0.880513, 0.863320, 0.845083, 0.825702, 0.805066, 0.783050, 0.759511, 0.734284, 0.707182, 0.677987, 0.646447, 0.612267, 0.575103, 0.534545, 0.490105, 0.441200, 0.387119, 0.326996, 0.259758, 0.184063, 0.098208, 0.000000]
[Sigma Schedule][FLUX] effective deltas: [0.095469, 0.007783, 0.016235, 0.017193, 0.018238, 0.019381, 0.020636, 0.022016, 0.023539, 0.025227, 0.027102, 0.029195, 0.031540, 0.034179, 0.037164, 0.040558, 0.044439, 0.048906, 0.054081, 0.060123, 0.067238, 0.075695, 0.085855, 0.098208]
[EXP-003] v03_atomic seed 46: preparing and measuring
[FLUX] Original size: 1024x1024, Working size: 1024x1024
[Seed] Using random seed: 46
[Sigma Schedule][FLUX] requested_steps=30
[Sigma Schedule][FLUX] 4-step reference sigmas: [1.000000, 0.904531, 0.759511, 0.512844, 0.000000]
[Sigma Schedule][FLUX] 4-step reference deltas: [0.095469, 0.145020, 0.246667, 0.512844]
[Sigma Schedule][FLUX] requested raw sigmas: [1.000000, 0.989199, 0.977883, 0.966014, 0.953549, 0.940444, 0.926647, 0.912103, 0.896748, 0.880513, 0.863320, 0.845083, 0.825702, 0.805066, 0.783050, 0.759511, 0.734284, 0.707182, 0.677987, 0.646447, 0.612267, 0.575103, 0.534545, 0.490105, 0.441200, 0.387119, 0.326996, 0.259758, 0.184063, 0.098208, 0.000000]
[Sigma Schedule][FLUX] requested raw deltas: [0.010801, 0.011316, 0.011870, 0.012464, 0.013105, 0.013797, 0.014545, 0.015355, 0.016235, 0.017193, 0.018238, 0.019381, 0.020636, 0.022016, 0.023539, 0.025227, 0.027102, 0.029195, 0.031540, 0.034179, 0.037164, 0.040558, 0.044439, 0.048906, 0.054081, 0.060123, 0.067238, 0.075695, 0.085855, 0.098208]
[Sigma Schedule][FLUX] effective_steps=24
[Sigma Schedule][FLUX] effective sigmas: [1.000000, 0.904531, 0.896748, 0.880513, 0.863320, 0.845083, 0.825702, 0.805066, 0.783050, 0.759511, 0.734284, 0.707182, 0.677987, 0.646447, 0.612267, 0.575103, 0.534545, 0.490105, 0.441200, 0.387119, 0.326996, 0.259758, 0.184063, 0.098208, 0.000000]
[Sigma Schedule][FLUX] effective deltas: [0.095469, 0.007783, 0.016235, 0.017193, 0.018238, 0.019381, 0.020636, 0.022016, 0.023539, 0.025227, 0.027102, 0.029195, 0.031540, 0.034179, 0.037164, 0.040558, 0.044439, 0.048906, 0.054081, 0.060123, 0.067238, 0.075695, 0.085855, 0.098208]
[FLUX] Original size: 1024x1024, Working size: 1024x1024
[Seed] Using random seed: 46
[Sigma Schedule][FLUX] requested_steps=30
[Sigma Schedule][FLUX] 4-step reference sigmas: [1.000000, 0.904531, 0.759511, 0.512844, 0.000000]
[Sigma Schedule][FLUX] 4-step reference deltas: [0.095469, 0.145020, 0.246667, 0.512844]
[Sigma Schedule][FLUX] requested raw sigmas: [1.000000, 0.989199, 0.977883, 0.966014, 0.953549, 0.940444, 0.926647, 0.912103, 0.896748, 0.880513, 0.863320, 0.845083, 0.825702, 0.805066, 0.783050, 0.759511, 0.734284, 0.707182, 0.677987, 0.646447, 0.612267, 0.575103, 0.534545, 0.490105, 0.441200, 0.387119, 0.326996, 0.259758, 0.184063, 0.098208, 0.000000]
[Sigma Schedule][FLUX] requested raw deltas: [0.010801, 0.011316, 0.011870, 0.012464, 0.013105, 0.013797, 0.014545, 0.015355, 0.016235, 0.017193, 0.018238, 0.019381, 0.020636, 0.022016, 0.023539, 0.025227, 0.027102, 0.029195, 0.031540, 0.034179, 0.037164, 0.040558, 0.044439, 0.048906, 0.054081, 0.060123, 0.067238, 0.075695, 0.085855, 0.098208]
[Sigma Schedule][FLUX] effective_steps=24
[Sigma Schedule][FLUX] effective sigmas: [1.000000, 0.904531, 0.896748, 0.880513, 0.863320, 0.845083, 0.825702, 0.805066, 0.783050, 0.759511, 0.734284, 0.707182, 0.677987, 0.646447, 0.612267, 0.575103, 0.534545, 0.490105, 0.441200, 0.387119, 0.326996, 0.259758, 0.184063, 0.098208, 0.000000]
[Sigma Schedule][FLUX] effective deltas: [0.095469, 0.007783, 0.016235, 0.017193, 0.018238, 0.019381, 0.020636, 0.022016, 0.023539, 0.025227, 0.027102, 0.029195, 0.031540, 0.034179, 0.037164, 0.040558, 0.044439, 0.048906, 0.054081, 0.060123, 0.067238, 0.075695, 0.085855, 0.098208]
[FLUX] Original size: 1024x1024, Working size: 1024x1024
[Seed] Using random seed: 46
[Sigma Schedule][FLUX] requested_steps=30
[Sigma Schedule][FLUX] 4-step reference sigmas: [1.000000, 0.904531, 0.759511, 0.512844, 0.000000]
[Sigma Schedule][FLUX] 4-step reference deltas: [0.095469, 0.145020, 0.246667, 0.512844]
[Sigma Schedule][FLUX] requested raw sigmas: [1.000000, 0.989199, 0.977883, 0.966014, 0.953549, 0.940444, 0.926647, 0.912103, 0.896748, 0.880513, 0.863320, 0.845083, 0.825702, 0.805066, 0.783050, 0.759511, 0.734284, 0.707182, 0.677987, 0.646447, 0.612267, 0.575103, 0.534545, 0.490105, 0.441200, 0.387119, 0.326996, 0.259758, 0.184063, 0.098208, 0.000000]
[Sigma Schedule][FLUX] requested raw deltas: [0.010801, 0.011316, 0.011870, 0.012464, 0.013105, 0.013797, 0.014545, 0.015355, 0.016235, 0.017193, 0.018238, 0.019381, 0.020636, 0.022016, 0.023539, 0.025227, 0.027102, 0.029195, 0.031540, 0.034179, 0.037164, 0.040558, 0.044439, 0.048906, 0.054081, 0.060123, 0.067238, 0.075695, 0.085855, 0.098208]
[Sigma Schedule][FLUX] effective_steps=24
[Sigma Schedule][FLUX] effective sigmas: [1.000000, 0.904531, 0.896748, 0.880513, 0.863320, 0.845083, 0.825702, 0.805066, 0.783050, 0.759511, 0.734284, 0.707182, 0.677987, 0.646447, 0.612267, 0.575103, 0.534545, 0.490105, 0.441200, 0.387119, 0.326996, 0.259758, 0.184063, 0.098208, 0.000000]
[Sigma Schedule][FLUX] effective deltas: [0.095469, 0.007783, 0.016235, 0.017193, 0.018238, 0.019381, 0.020636, 0.022016, 0.023539, 0.025227, 0.027102, 0.029195, 0.031540, 0.034179, 0.037164, 0.040558, 0.044439, 0.048906, 0.054081, 0.060123, 0.067238, 0.075695, 0.085855, 0.098208]
[FLUX] Original size: 1024x1024, Working size: 1024x1024
[Seed] Using random seed: 46
[Sigma Schedule][FLUX] requested_steps=30
[Sigma Schedule][FLUX] 4-step reference sigmas: [1.000000, 0.904531, 0.759511, 0.512844, 0.000000]
[Sigma Schedule][FLUX] 4-step reference deltas: [0.095469, 0.145020, 0.246667, 0.512844]
[Sigma Schedule][FLUX] requested raw sigmas: [1.000000, 0.989199, 0.977883, 0.966014, 0.953549, 0.940444, 0.926647, 0.912103, 0.896748, 0.880513, 0.863320, 0.845083, 0.825702, 0.805066, 0.783050, 0.759511, 0.734284, 0.707182, 0.677987, 0.646447, 0.612267, 0.575103, 0.534545, 0.490105, 0.441200, 0.387119, 0.326996, 0.259758, 0.184063, 0.098208, 0.000000]
[Sigma Schedule][FLUX] requested raw deltas: [0.010801, 0.011316, 0.011870, 0.012464, 0.013105, 0.013797, 0.014545, 0.015355, 0.016235, 0.017193, 0.018238, 0.019381, 0.020636, 0.022016, 0.023539, 0.025227, 0.027102, 0.029195, 0.031540, 0.034179, 0.037164, 0.040558, 0.044439, 0.048906, 0.054081, 0.060123, 0.067238, 0.075695, 0.085855, 0.098208]
[Sigma Schedule][FLUX] effective_steps=24
[Sigma Schedule][FLUX] effective sigmas: [1.000000, 0.904531, 0.896748, 0.880513, 0.863320, 0.845083, 0.825702, 0.805066, 0.783050, 0.759511, 0.734284, 0.707182, 0.677987, 0.646447, 0.612267, 0.575103, 0.534545, 0.490105, 0.441200, 0.387119, 0.326996, 0.259758, 0.184063, 0.098208, 0.000000]
[Sigma Schedule][FLUX] effective deltas: [0.095469, 0.007783, 0.016235, 0.017193, 0.018238, 0.019381, 0.020636, 0.022016, 0.023539, 0.025227, 0.027102, 0.029195, 0.031540, 0.034179, 0.037164, 0.040558, 0.044439, 0.048906, 0.054081, 0.060123, 0.067238, 0.075695, 0.085855, 0.098208]
{
  "experiment": "EXP-003",
  "case": "v03_atomic",
  "study_role": "EXP-003A paired prompt-template control",
  "conditions": {
    "0": "Keep the image unchanged.",
    "A": "change the black mug to a white mug",
    "B": "change the beige vase with flowers to a blue vase",
    "AB": "change the black mug to a white mug and change the beige vase with flowers to a blue vase"
  },
  "condition_0_construction": "The exact EXP-002 preservation instruction; not an unconditional branch and not a zero-velocity claim.",
  "source_image": "/root/autodl-tmp/Edit/assets/exp001/v03_input.png",
  "source_image_sha256": "79b9180bd127284bf52139f7a257fa1a506ca921a27b534edf81d429107d5b60",
  "seeds": [
    42,
    43,
    44,
    45,
    46
  ],
  "canonical_case_seeds": [
    42,
    43,
    44,
    45,
    46
  ],
  "target_sigmas": [
    1.0,
    0.75,
    0.5,
    0.1
  ],
  "expected_schedule_indices": [
    0,
    9,
    17,
    23
  ],
  "order_validation": {
    "policy": "targeted spot checks",
    "seed": 42,
    "schedule_indices": [
      0,
      17
    ],
    "escalation": "Any failed spot check blocks interpretation and requires full validation."
  },
  "model_family": "FLUX.1-Kontext",
  "model_path": "/root/autodl-tmp/models/FLUX.1-Kontext-dev",
  "model_revision": "24e9dedc4ef646698dc8eb4e18ae2cec3c9fea0d",
  "veloedit_inspected_commit": "ae3fec526b6bc9e9c13fd0e08dc9827b0343ba9a",
  "dtype": "bfloat16",
  "guidance_scale": 2.5,
  "num_requested_inference_steps": 30,
  "first_step_align_steps": 4,
  "cpu_offload_enabled": true,
  "intervention_enabled": false,
  "attention_analysis_enabled": false,
  "prediction_levels": {
    "raw_conditional_model_velocity": "generated-token tensor directly returned by the transformer closure",
    "effective_velocity": "tensor passed to Euler after post-transformer operations",
    "post_transformer_guidance_applied": false,
    "raw_equals_effective_by_construction": true
  },
  "status": "complete",
  "seed_status": {
    "42": "complete",
    "43": "complete",
    "44": "complete",
    "45": "complete",
    "46": "complete"
  },
  "aggregate": {
    "by_probe": [
      {
        "schedule_index": 0,
        "target_sigma": 1.0,
        "actual_sigma": 1.0,
        "individual_seed_values": {
          "42": {
            "Q1": 0.8857578596657972,
            "Q2": 0.49258070260283926,
            "cos_dAB_dA_plus_dB": 0.8385006665449046,
            "ratio_dA_plus_dB_to_dAB": 1.536820348564059
          },
          "43": {
            "Q1": 0.8097989447603441,
            "Q2": 0.4442292937005052,
            "cos_dAB_dA_plus_dB": 0.8797322475575875,
            "ratio_dA_plus_dB_to_dAB": 1.5352498273142505
          },
          "44": {
            "Q1": 0.9646226933393636,
            "Q2": 0.4925648319829403,
            "cos_dAB_dA_plus_dB": 0.799610750277993,
            "ratio_dA_plus_dB_to_dAB": 1.554510910742688
          },
          "45": {
            "Q1": 0.8280857885226324,
            "Q2": 0.4648387346254037,
            "cos_dAB_dA_plus_dB": 0.8747137669031819,
            "ratio_dA_plus_dB_to_dAB": 1.5461672620198248
          },
          "46": {
            "Q1": 0.8460997102213959,
            "Q2": 0.4772969639010043,
            "cos_dAB_dA_plus_dB": 0.8399296284550932,
            "ratio_dA_plus_dB_to_dAB": 1.489057417266973
          }
        },
        "Q1": {
          "count": 5,
          "mean": 0.8668729993019066,
          "std": 0.05496374367972339,
          "median": 0.8460997102213959,
          "min": 0.8097989447603441,
          "max": 0.9646226933393636
        },
        "Q2": {
          "count": 5,
          "mean": 0.4743021053625386,
          "std": 0.01827858235924587,
          "median": 0.4772969639010043,
          "min": 0.4442292937005052,
          "max": 0.49258070260283926
        },
        "cos_dAB_dA_plus_dB": {
          "count": 5,
          "mean": 0.8464974119477521,
          "std": 0.029003998843478304,
          "median": 0.8399296284550932,
          "min": 0.799610750277993,
          "max": 0.8797322475575875
        },
        "ratio_dA_plus_dB_to_dAB": {
          "count": 5,
          "mean": 1.532361153181559,
          "std": 0.022736150980916817,
          "median": 1.536820348564059,
          "min": 1.489057417266973,
          "max": 1.554510910742688
        }
      },
      {
        "schedule_index": 9,
        "target_sigma": 0.75,
        "actual_sigma": 0.7595109343528748,
        "individual_seed_values": {
          "42": {
            "Q1": 0.9408688371113012,
            "Q2": 0.5102641062090937,
            "cos_dAB_dA_plus_dB": 0.7655910952815549,
            "ratio_dA_plus_dB_to_dAB": 1.4521503267060367
          },
          "43": {
            "Q1": 0.8694040811691284,
            "Q2": 0.4879843156846,
            "cos_dAB_dA_plus_dB": 0.8171677519460245,
            "ratio_dA_plus_dB_to_dAB": 1.468033800806832
          },
          "44": {
            "Q1": 0.9028097378167105,
            "Q2": 0.49706059778251865,
            "cos_dAB_dA_plus_dB": 0.7990307307165034,
            "ratio_dA_plus_dB_to_dAB": 1.472466336991757
          },
          "45": {
            "Q1": 0.9276312212677966,
            "Q2": 0.5316383912974503,
            "cos_dAB_dA_plus_dB": 0.7394801150405578,
            "ratio_dA_plus_dB_to_dAB": 1.3777045748862822
          },
          "46": {
            "Q1": 0.8571903125854415,
            "Q2": 0.497658308539837,
            "cos_dAB_dA_plus_dB": 0.7920706183160304,
            "ratio_dA_plus_dB_to_dAB": 1.3938604252862976
          }
        },
        "Q1": {
          "count": 5,
          "mean": 0.8995808379900756,
          "std": 0.032278605805899765,
          "median": 0.9028097378167105,
          "min": 0.8571903125854415,
          "max": 0.9408688371113012
        },
        "Q2": {
          "count": 5,
          "mean": 0.5049211439026999,
          "std": 0.015124494487187425,
          "median": 0.497658308539837,
          "min": 0.4879843156846,
          "max": 0.5316383912974503
        },
        "cos_dAB_dA_plus_dB": {
          "count": 5,
          "mean": 0.7826680622601343,
          "std": 0.02721468410269892,
          "median": 0.7920706183160304,
          "min": 0.7394801150405578,
          "max": 0.8171677519460245
        },
        "ratio_dA_plus_dB_to_dAB": {
          "count": 5,
          "mean": 1.4328430929354412,
          "std": 0.039347328284419475,
          "median": 1.4521503267060367,
          "min": 1.3777045748862822,
          "max": 1.472466336991757
        }
      },
      {
        "schedule_index": 17,
        "target_sigma": 0.5,
        "actual_sigma": 0.4901053011417389,
        "individual_seed_values": {
          "42": {
            "Q1": 0.8022351772732627,
            "Q2": 0.47304213667474343,
            "cos_dAB_dA_plus_dB": 0.8211531165428526,
            "ratio_dA_plus_dB_to_dAB": 1.384956250557363
          },
          "43": {
            "Q1": 0.8121475238885577,
            "Q2": 0.47459779830782556,
            "cos_dAB_dA_plus_dB": 0.8360442407539844,
            "ratio_dA_plus_dB_to_dAB": 1.434837510635107
          },
          "44": {
            "Q1": 0.8368983854279618,
            "Q2": 0.4852125216065989,
            "cos_dAB_dA_plus_dB": 0.819955271303652,
            "ratio_dA_plus_dB_to_dAB": 1.4304679024313225
          },
          "45": {
            "Q1": 0.8167672701318177,
            "Q2": 0.48216643102545076,
            "cos_dAB_dA_plus_dB": 0.8176225150221755,
            "ratio_dA_plus_dB_to_dAB": 1.396945771006922
          },
          "46": {
            "Q1": 0.8088567378739473,
            "Q2": 0.4768259732985253,
            "cos_dAB_dA_plus_dB": 0.8281212640713314,
            "ratio_dA_plus_dB_to_dAB": 1.4112454219591042
          }
        },
        "Q1": {
          "count": 5,
          "mean": 0.8153810189191095,
          "std": 0.011753753781218668,
          "median": 0.8121475238885577,
          "min": 0.8022351772732627,
          "max": 0.8368983854279618
        },
        "Q2": {
          "count": 5,
          "mean": 0.47836897218262875,
          "std": 0.004609395553858655,
          "median": 0.4768259732985253,
          "min": 0.47304213667474343,
          "max": 0.4852125216065989
        },
        "cos_dAB_dA_plus_dB": {
          "count": 5,
          "mean": 0.8245792815387991,
          "std": 0.006715766637810394,
          "median": 0.8211531165428526,
          "min": 0.8176225150221755,
          "max": 0.8360442407539844
        },
        "ratio_dA_plus_dB_to_dAB": {
          "count": 5,
          "mean": 1.4116905713179637,
          "std": 0.019082453532955897,
          "median": 1.4112454219591042,
          "min": 1.384956250557363,
          "max": 1.434837510635107
        }
      },
      {
        "schedule_index": 23,
        "target_sigma": 0.1,
        "actual_sigma": 0.09820803999900818,
        "individual_seed_values": {
          "42": {
            "Q1": 0.8545118643513259,
            "Q2": 0.4898224690394483,
            "cos_dAB_dA_plus_dB": 0.8408237741417337,
            "ratio_dA_plus_dB_to_dAB": 1.502015928800358
          },
          "43": {
            "Q1": 0.8704721397402787,
            "Q2": 0.49501175087745736,
            "cos_dAB_dA_plus_dB": 0.8406006127247694,
            "ratio_dA_plus_dB_to_dAB": 1.5220191892091677
          },
          "44": {
            "Q1": 0.8594478818309256,
            "Q2": 0.4883382720715191,
            "cos_dAB_dA_plus_dB": 0.8460987911904307,
            "ratio_dA_plus_dB_to_dAB": 1.5202899769330769
          },
          "45": {
            "Q1": 0.855836126170258,
            "Q2": 0.4916165587169355,
            "cos_dAB_dA_plus_dB": 0.8415093333604915,
            "ratio_dA_plus_dB_to_dAB": 1.505281650844455
          },
          "46": {
            "Q1": 0.8644974509427831,
            "Q2": 0.4934388405944803,
            "cos_dAB_dA_plus_dB": 0.8391432786497447,
            "ratio_dA_plus_dB_to_dAB": 1.5110935504351581
          }
        },
        "Q1": {
          "count": 5,
          "mean": 0.8609530926071143,
          "std": 0.0058840999443392624,
          "median": 0.8594478818309256,
          "min": 0.8545118643513259,
          "max": 0.8704721397402787
        },
        "Q2": {
          "count": 5,
          "mean": 0.49164557825996813,
          "std": 0.002400406277240992,
          "median": 0.4916165587169355,
          "min": 0.4883382720715191,
          "max": 0.49501175087745736
        },
        "cos_dAB_dA_plus_dB": {
          "count": 5,
          "mean": 0.8416351580134339,
          "std": 0.0023612684509309095,
          "median": 0.8408237741417337,
          "min": 0.8391432786497447,
          "max": 0.8460987911904307
        },
        "ratio_dA_plus_dB_to_dAB": {
          "count": 5,
          "mean": 1.5121400592444432,
          "std": 0.00793283468766634,
          "median": 1.5110935504351581,
          "min": 1.502015928800358,
          "max": 1.5220191892091677
        }
      }
    ],
    "Q1_temporal_trend_by_seed": {
      "42": "non_monotonic",
      "43": "non_monotonic",
      "44": "non_monotonic",
      "45": "non_monotonic",
      "46": "non_monotonic"
    },
    "Q1_temporal_trend_counts": {
      "decreasing": 0,
      "increasing": 0,
      "non_monotonic": 5,
      "constant": 0,
      "insufficient": 0
    },
    "excluded_invalid_probes": [],
    "invalid_or_incomplete_seeds": []
  },
  "paired_comparison_path": "results/EXP-003/v03_prompt_control/paired_legacy_vs_atomic.json"
}
